%!Adobe-FontList 1.23
%Locale:0x809

%BeginFont
Handler:DirectoryHandler
FontType:TrueType
FontName:CormorantGaramond-Bold
FamilyName:Cormorant Garamond
StyleName:Bold
FullName:Cormorant Garamond Bold
MenuName:Cormorant Garamond
StyleBits:2
WritingScript:Roman
OutlineFileName:C:\Users\amit0\OneDrive\Desktop\Regatta Granite (FINAL) Layout\00001 Final page\First page_Landing page\Desktop\Font\Cormorant_Garamond\CormorantGaramond-Bold.ttf
DataFormat:sfntData
hasSVG:no
VariableFontType:NonVariableFont
FileLength:641560
FileModTime:1465929000
WeightClass:700
WidthClass:5
AngleClass:0
NameArray:0,Win,1,Cormorant Garamond
%EndFont

%BeginFont
Handler:DirectoryHandler
FontType:TrueType
FontName:CormorantGaramond-BoldItalic
FamilyName:Cormorant Garamond
StyleName:Bold Italic
FullName:Cormorant Garamond Bold Italic
MenuName:Cormorant Garamond
StyleBits:3
WritingScript:Roman
OutlineFileName:C:\Users\amit0\OneDrive\Desktop\Regatta Granite (FINAL) Layout\00001 Final page\First page_Landing page\Desktop\Font\Cormorant_Garamond\CormorantGaramond-BoldItalic.ttf
DataFormat:sfntData
hasSVG:no
VariableFontType:NonVariableFont
FileLength:571388
FileModTime:1465929000
WeightClass:700
WidthClass:5
AngleClass:1
NameArray:0,Win,1,Cormorant Garamond
%EndFont

%BeginFont
Handler:DirectoryHandler
FontType:TrueType
FontName:CormorantGaramond-Italic
FamilyName:Cormorant Garamond
StyleName:Italic
FullName:Cormorant Garamond Italic
MenuName:Cormorant Garamond
StyleBits:1
WritingScript:Roman
OutlineFileName:C:\Users\amit0\OneDrive\Desktop\Regatta Granite (FINAL) Layout\00001 Final page\First page_Landing page\Desktop\Font\Cormorant_Garamond\CormorantGaramond-Italic.ttf
DataFormat:sfntData
hasSVG:no
VariableFontType:NonVariableFont
FileLength:565840
FileModTime:1465929000
WeightClass:400
WidthClass:5
AngleClass:1
NameArray:0,Win,1,Cormorant Garamond
%EndFont

%BeginFont
Handler:DirectoryHandler
FontType:TrueType
FontName:CormorantGaramond-Light
FamilyName:Cormorant Garamond
StyleName:Light
FullName:Cormorant Garamond Light
MenuName:Cormorant Garamond Light
StyleBits:0
WritingScript:Roman
OutlineFileName:C:\Users\amit0\OneDrive\Desktop\Regatta Granite (FINAL) Layout\00001 Final page\First page_Landing page\Desktop\Font\Cormorant_Garamond\CormorantGaramond-Light.ttf
DataFormat:sfntData
hasSVG:no
VariableFontType:NonVariableFont
FileLength:654292
FileModTime:1465929000
WeightClass:300
WidthClass:5
AngleClass:0
NameArray:0,Win,1,Cormorant Garamond Light
NameArray:0,Win,16,Cormorant Garamond
%EndFont

%BeginFont
Handler:DirectoryHandler
FontType:TrueType
FontName:CormorantGaramond-LightItalic
FamilyName:Cormorant Garamond
StyleName:Light Italic
FullName:Cormorant Garamond Light Italic
MenuName:Cormorant Garamond Light
StyleBits:1
WritingScript:Roman
OutlineFileName:C:\Users\amit0\OneDrive\Desktop\Regatta Granite (FINAL) Layout\00001 Final page\First page_Landing page\Desktop\Font\Cormorant_Garamond\CormorantGaramond-LightItalic.ttf
DataFormat:sfntData
hasSVG:no
VariableFontType:NonVariableFont
FileLength:562744
FileModTime:1465929000
WeightClass:300
WidthClass:5
AngleClass:1
NameArray:0,Win,1,Cormorant Garamond Light
NameArray:0,Win,16,Cormorant Garamond
%EndFont

%BeginFont
Handler:DirectoryHandler
FontType:TrueType
FontName:CormorantGaramond-Medium
FamilyName:Cormorant Garamond
StyleName:Medium
FullName:Cormorant Garamond Medium
MenuName:Cormorant Garamond Medium
StyleBits:0
WritingScript:Roman
OutlineFileName:C:\Users\amit0\OneDrive\Desktop\Regatta Granite (FINAL) Layout\00001 Final page\First page_Landing page\Desktop\Font\Cormorant_Garamond\CormorantGaramond-Medium.ttf
DataFormat:sfntData
hasSVG:no
VariableFontType:NonVariableFont
FileLength:647392
FileModTime:1465929000
WeightClass:500
WidthClass:5
AngleClass:0
NameArray:0,Win,1,Cormorant Garamond Medium
NameArray:0,Win,16,Cormorant Garamond
%EndFont

%BeginFont
Handler:DirectoryHandler
FontType:TrueType
FontName:CormorantGaramond-MediumItalic
FamilyName:Cormorant Garamond
StyleName:Medium Italic
FullName:Cormorant Garamond Medium Italic
MenuName:Cormorant Garamond Medium
StyleBits:1
WritingScript:Roman
OutlineFileName:C:\Users\amit0\OneDrive\Desktop\Regatta Granite (FINAL) Layout\00001 Final page\First page_Landing page\Desktop\Font\Cormorant_Garamond\CormorantGaramond-MediumItalic.ttf
DataFormat:sfntData
hasSVG:no
VariableFontType:NonVariableFont
FileLength:572192
FileModTime:1465929000
WeightClass:500
WidthClass:5
AngleClass:1
NameArray:0,Win,1,Cormorant Garamond Medium
NameArray:0,Win,16,Cormorant Garamond
%EndFont

%BeginFont
Handler:DirectoryHandler
FontType:TrueType
FontName:CormorantGaramond-Regular
FamilyName:Cormorant Garamond
StyleName:Regular
FullName:Cormorant Garamond Regular
MenuName:Cormorant Garamond
StyleBits:0
WritingScript:Roman
OutlineFileName:C:\Users\amit0\OneDrive\Desktop\Regatta Granite (FINAL) Layout\00001 Final page\First page_Landing page\Desktop\Font\Cormorant_Garamond\CormorantGaramond-Regular.ttf
DataFormat:sfntData
hasSVG:no
VariableFontType:NonVariableFont
FileLength:653252
FileModTime:1465929000
WeightClass:400
WidthClass:5
AngleClass:0
NameArray:0,Win,1,Cormorant Garamond
%EndFont

%BeginFont
Handler:DirectoryHandler
FontType:TrueType
FontName:CormorantGaramond-SemiBold
FamilyName:Cormorant Garamond
StyleName:SemiBold
FullName:Cormorant Garamond SemiBold
MenuName:Cormorant Garamond SemiBold
StyleBits:0
WritingScript:Roman
OutlineFileName:C:\Users\amit0\OneDrive\Desktop\Regatta Granite (FINAL) Layout\00001 Final page\First page_Landing page\Desktop\Font\Cormorant_Garamond\CormorantGaramond-SemiBold.ttf
DataFormat:sfntData
hasSVG:no
VariableFontType:NonVariableFont
FileLength:660420
FileModTime:1465929000
WeightClass:600
WidthClass:5
AngleClass:0
NameArray:0,Win,1,Cormorant Garamond SemiBold
NameArray:0,Win,16,Cormorant Garamond
%EndFont

%BeginFont
Handler:DirectoryHandler
FontType:TrueType
FontName:CormorantGaramond-SemiBoldItalic
FamilyName:Cormorant Garamond
StyleName:SemiBold Italic
FullName:Cormorant Garamond SemiBold Italic
MenuName:Cormorant Garamond SemiBold
StyleBits:1
WritingScript:Roman
OutlineFileName:C:\Users\amit0\OneDrive\Desktop\Regatta Granite (FINAL) Layout\00001 Final page\First page_Landing page\Desktop\Font\Cormorant_Garamond\CormorantGaramond-SemiBoldItalic.ttf
DataFormat:sfntData
hasSVG:no
VariableFontType:NonVariableFont
FileLength:567488
FileModTime:1465929000
WeightClass:600
WidthClass:5
AngleClass:1
NameArray:0,Win,1,Cormorant Garamond SemiBold
NameArray:0,Win,16,Cormorant Garamond
%EndFont

%BeginFont
Handler:DirectoryHandler
FontType:Invalid
OutlineFileName:C:\Users\amit0\OneDrive\Desktop\Regatta Granite (FINAL) Layout\00001 Final page\First page_Landing page\Desktop\Font\Cormorant_Garamond\OFL.txt
FileModTime:1465929000
%EndFont

%BeginFont
Handler:DirectoryHandler
FontType:TrueType
FontName:Montserrat-ThinItalic
FamilyName:Montserrat
StyleName:Thin Italic
FullName:Montserrat Thin Italic
MenuName:Montserrat Thin
FamilyPrefix:MontserratItalic
StyleBits:1
WritingScript:Roman
OutlineFileName:C:\Users\amit0\OneDrive\Desktop\Regatta Granite (FINAL) Layout\00001 Final page\First page_Landing page\Desktop\Font\Montserrat\Montserrat-Italic-VariableFont_wght.ttf
DataFormat:sfntData
hasSVG:no
VariableFontType:TrueTypeVariableFont
FileLength:404212
FileModTime:1323714600
WeightClass:100
WidthClass:5
AngleClass:1
NameArray:0,Win,1,Montserrat Thin
NameArray:0,Win,16,Montserrat
%EndFont

%BeginFont
Handler:DirectoryHandler
FontType:TrueType
FontName:Montserrat-Thin
FamilyName:Montserrat
StyleName:Thin
FullName:Montserrat Thin
MenuName:Montserrat Thin
FamilyPrefix:MontserratRoman
StyleBits:0
WritingScript:Roman
OutlineFileName:C:\Users\amit0\OneDrive\Desktop\Regatta Granite (FINAL) Layout\00001 Final page\First page_Landing page\Desktop\Font\Montserrat\Montserrat-VariableFont_wght.ttf
DataFormat:sfntData
hasSVG:no
VariableFontType:TrueTypeVariableFont
FileLength:394260
FileModTime:1323714600
WeightClass:100
WidthClass:5
AngleClass:0
NameArray:0,Win,1,Montserrat Thin
NameArray:0,Win,16,Montserrat
%EndFont

%BeginFont
Handler:DirectoryHandler
FontType:Invalid
OutlineFileName:C:\Users\amit0\OneDrive\Desktop\Regatta Granite (FINAL) Layout\00001 Final page\First page_Landing page\Desktop\Font\Montserrat\OFL.txt
FileModTime:1323714600
%EndFont

%BeginFont
Handler:DirectoryHandler
FontType:Invalid
OutlineFileName:C:\Users\amit0\OneDrive\Desktop\Regatta Granite (FINAL) Layout\00001 Final page\First page_Landing page\Desktop\Font\Montserrat\README.txt
FileModTime:1646154782
%EndFont

%BeginFont
Handler:DirectoryHandler
FontType:TrueType
FontName:Montserrat-Black
FamilyName:Montserrat
StyleName:Black
FullName:Montserrat Black
MenuName:Montserrat Black
StyleBits:0
WritingScript:Roman
OutlineFileName:C:\Users\amit0\OneDrive\Desktop\Regatta Granite (FINAL) Layout\00001 Final page\First page_Landing page\Desktop\Font\Montserrat\static\Montserrat-Black.ttf
DataFormat:sfntData
hasSVG:no
VariableFontType:NonVariableFont
FileLength:198416
FileModTime:1323714600
WeightClass:900
WidthClass:5
AngleClass:0
NameArray:0,Win,1,Montserrat Black
NameArray:0,Win,16,Montserrat
%EndFont

%BeginFont
Handler:DirectoryHandler
FontType:TrueType
FontName:Montserrat-BlackItalic
FamilyName:Montserrat
StyleName:Black Italic
FullName:Montserrat Black Italic
MenuName:Montserrat Black
StyleBits:1
WritingScript:Roman
OutlineFileName:C:\Users\amit0\OneDrive\Desktop\Regatta Granite (FINAL) Layout\00001 Final page\First page_Landing page\Desktop\Font\Montserrat\static\Montserrat-BlackItalic.ttf
DataFormat:sfntData
hasSVG:no
VariableFontType:NonVariableFont
FileLength:202816
FileModTime:1323714600
WeightClass:900
WidthClass:5
AngleClass:1
NameArray:0,Win,1,Montserrat Black
NameArray:0,Win,16,Montserrat
%EndFont

%BeginFont
Handler:DirectoryHandler
FontType:TrueType
FontName:Montserrat-Bold
FamilyName:Montserrat
StyleName:Bold
FullName:Montserrat Bold
MenuName:Montserrat
StyleBits:2
WritingScript:Roman
OutlineFileName:C:\Users\amit0\OneDrive\Desktop\Regatta Granite (FINAL) Layout\00001 Final page\First page_Landing page\Desktop\Font\Montserrat\static\Montserrat-Bold.ttf
DataFormat:sfntData
hasSVG:no
VariableFontType:NonVariableFont
FileLength:198612
FileModTime:1323714600
WeightClass:700
WidthClass:5
AngleClass:0
NameArray:0,Win,1,Montserrat
%EndFont

%BeginFont
Handler:DirectoryHandler
FontType:TrueType
FontName:Montserrat-BoldItalic
FamilyName:Montserrat
StyleName:Bold Italic
FullName:Montserrat Bold Italic
MenuName:Montserrat
StyleBits:3
WritingScript:Roman
OutlineFileName:C:\Users\amit0\OneDrive\Desktop\Regatta Granite (FINAL) Layout\00001 Final page\First page_Landing page\Desktop\Font\Montserrat\static\Montserrat-BoldItalic.ttf
DataFormat:sfntData
hasSVG:no
VariableFontType:NonVariableFont
FileLength:203024
FileModTime:1323714600
WeightClass:700
WidthClass:5
AngleClass:1
NameArray:0,Win,1,Montserrat
%EndFont

%BeginFont
Handler:DirectoryHandler
FontType:TrueType
FontName:Montserrat-ExtraBold
FamilyName:Montserrat
StyleName:ExtraBold
FullName:Montserrat ExtraBold
MenuName:Montserrat ExtraBold
StyleBits:0
WritingScript:Roman
OutlineFileName:C:\Users\amit0\OneDrive\Desktop\Regatta Granite (FINAL) Layout\00001 Final page\First page_Landing page\Desktop\Font\Montserrat\static\Montserrat-ExtraBold.ttf
DataFormat:sfntData
hasSVG:no
VariableFontType:NonVariableFont
FileLength:198688
FileModTime:1323714600
WeightClass:800
WidthClass:5
AngleClass:0
NameArray:0,Win,1,Montserrat ExtraBold
NameArray:0,Win,16,Montserrat
%EndFont

%BeginFont
Handler:DirectoryHandler
FontType:TrueType
FontName:Montserrat-ExtraBoldItalic
FamilyName:Montserrat
StyleName:ExtraBold Italic
FullName:Montserrat ExtraBold Italic
MenuName:Montserrat ExtraBold
StyleBits:1
WritingScript:Roman
OutlineFileName:C:\Users\amit0\OneDrive\Desktop\Regatta Granite (FINAL) Layout\00001 Final page\First page_Landing page\Desktop\Font\Montserrat\static\Montserrat-ExtraBoldItalic.ttf
DataFormat:sfntData
hasSVG:no
VariableFontType:NonVariableFont
FileLength:203000
FileModTime:1323714600
WeightClass:800
WidthClass:5
AngleClass:1
NameArray:0,Win,1,Montserrat ExtraBold
NameArray:0,Win,16,Montserrat
%EndFont

%BeginFont
Handler:DirectoryHandler
FontType:TrueType
FontName:Montserrat-ExtraLight
FamilyName:Montserrat
StyleName:ExtraLight
FullName:Montserrat ExtraLight
MenuName:Montserrat ExtraLight
StyleBits:0
WritingScript:Roman
OutlineFileName:C:\Users\amit0\OneDrive\Desktop\Regatta Granite (FINAL) Layout\00001 Final page\First page_Landing page\Desktop\Font\Montserrat\static\Montserrat-ExtraLight.ttf
DataFormat:sfntData
hasSVG:no
VariableFontType:NonVariableFont
FileLength:198300
FileModTime:1323714600
WeightClass:250
WidthClass:5
AngleClass:0
NameArray:0,Win,1,Montserrat ExtraLight
NameArray:0,Win,16,Montserrat
%EndFont

%BeginFont
Handler:DirectoryHandler
FontType:TrueType
FontName:Montserrat-ExtraLightItalic
FamilyName:Montserrat
StyleName:ExtraLight Italic
FullName:Montserrat ExtraLight Italic
MenuName:Montserrat ExtraLight
StyleBits:1
WritingScript:Roman
OutlineFileName:C:\Users\amit0\OneDrive\Desktop\Regatta Granite (FINAL) Layout\00001 Final page\First page_Landing page\Desktop\Font\Montserrat\static\Montserrat-ExtraLightItalic.ttf
DataFormat:sfntData
hasSVG:no
VariableFontType:NonVariableFont
FileLength:202880
FileModTime:1323714600
WeightClass:250
WidthClass:5
AngleClass:1
NameArray:0,Win,1,Montserrat ExtraLight
NameArray:0,Win,16,Montserrat
%EndFont

%BeginFont
Handler:DirectoryHandler
FontType:TrueType
FontName:Montserrat-Italic
FamilyName:Montserrat
StyleName:Italic
FullName:Montserrat Italic
MenuName:Montserrat
StyleBits:1
WritingScript:Roman
OutlineFileName:C:\Users\amit0\OneDrive\Desktop\Regatta Granite (FINAL) Layout\00001 Final page\First page_Landing page\Desktop\Font\Montserrat\static\Montserrat-Italic.ttf
DataFormat:sfntData
hasSVG:no
VariableFontType:NonVariableFont
FileLength:202912
FileModTime:1323714600
WeightClass:400
WidthClass:5
AngleClass:1
NameArray:0,Win,1,Montserrat
%EndFont

%BeginFont
Handler:DirectoryHandler
FontType:TrueType
FontName:Montserrat-Light
FamilyName:Montserrat
StyleName:Light
FullName:Montserrat Light
MenuName:Montserrat Light
StyleBits:0
WritingScript:Roman
OutlineFileName:C:\Users\amit0\OneDrive\Desktop\Regatta Granite (FINAL) Layout\00001 Final page\First page_Landing page\Desktop\Font\Montserrat\static\Montserrat-Light.ttf
DataFormat:sfntData
hasSVG:no
VariableFontType:NonVariableFont
FileLength:198576
FileModTime:1323714600
WeightClass:300
WidthClass:5
AngleClass:0
NameArray:0,Win,1,Montserrat Light
NameArray:0,Win,16,Montserrat
%EndFont

%BeginFont
Handler:DirectoryHandler
FontType:TrueType
FontName:Montserrat-LightItalic
FamilyName:Montserrat
StyleName:Light Italic
FullName:Montserrat Light Italic
MenuName:Montserrat Light
StyleBits:1
WritingScript:Roman
OutlineFileName:C:\Users\amit0\OneDrive\Desktop\Regatta Granite (FINAL) Layout\00001 Final page\First page_Landing page\Desktop\Font\Montserrat\static\Montserrat-LightItalic.ttf
DataFormat:sfntData
hasSVG:no
VariableFontType:NonVariableFont
FileLength:203032
FileModTime:1323714600
WeightClass:300
WidthClass:5
AngleClass:1
NameArray:0,Win,1,Montserrat Light
NameArray:0,Win,16,Montserrat
%EndFont

%BeginFont
Handler:DirectoryHandler
FontType:TrueType
FontName:Montserrat-Medium
FamilyName:Montserrat
StyleName:Medium
FullName:Montserrat Medium
MenuName:Montserrat Medium
StyleBits:0
WritingScript:Roman
OutlineFileName:C:\Users\amit0\OneDrive\Desktop\Regatta Granite (FINAL) Layout\00001 Final page\First page_Landing page\Desktop\Font\Montserrat\static\Montserrat-Medium.ttf
DataFormat:sfntData
hasSVG:no
VariableFontType:NonVariableFont
FileLength:198616
FileModTime:1323714600
WeightClass:500
WidthClass:5
AngleClass:0
NameArray:0,Win,1,Montserrat Medium
NameArray:0,Win,16,Montserrat
%EndFont

%BeginFont
Handler:DirectoryHandler
FontType:TrueType
FontName:Montserrat-MediumItalic
FamilyName:Montserrat
StyleName:Medium Italic
FullName:Montserrat Medium Italic
MenuName:Montserrat Medium
StyleBits:1
WritingScript:Roman
OutlineFileName:C:\Users\amit0\OneDrive\Desktop\Regatta Granite (FINAL) Layout\00001 Final page\First page_Landing page\Desktop\Font\Montserrat\static\Montserrat-MediumItalic.ttf
DataFormat:sfntData
hasSVG:no
VariableFontType:NonVariableFont
FileLength:203024
FileModTime:1323714600
WeightClass:500
WidthClass:5
AngleClass:1
NameArray:0,Win,1,Montserrat Medium
NameArray:0,Win,16,Montserrat
%EndFont

%BeginFont
Handler:DirectoryHandler
FontType:TrueType
FontName:Montserrat-Regular
FamilyName:Montserrat
StyleName:Regular
FullName:Montserrat Regular
MenuName:Montserrat
StyleBits:0
WritingScript:Roman
OutlineFileName:C:\Users\amit0\OneDrive\Desktop\Regatta Granite (FINAL) Layout\00001 Final page\First page_Landing page\Desktop\Font\Montserrat\static\Montserrat-Regular.ttf
DataFormat:sfntData
hasSVG:no
VariableFontType:NonVariableFont
FileLength:198552
FileModTime:1323714600
WeightClass:400
WidthClass:5
AngleClass:0
NameArray:0,Win,1,Montserrat
%EndFont

%BeginFont
Handler:DirectoryHandler
FontType:TrueType
FontName:Montserrat-SemiBold
FamilyName:Montserrat
StyleName:SemiBold
FullName:Montserrat SemiBold
MenuName:Montserrat SemiBold
StyleBits:0
WritingScript:Roman
OutlineFileName:C:\Users\amit0\OneDrive\Desktop\Regatta Granite (FINAL) Layout\00001 Final page\First page_Landing page\Desktop\Font\Montserrat\static\Montserrat-SemiBold.ttf
DataFormat:sfntData
hasSVG:no
VariableFontType:NonVariableFont
FileLength:198720
FileModTime:1323714600
WeightClass:600
WidthClass:5
AngleClass:0
NameArray:0,Win,1,Montserrat SemiBold
NameArray:0,Win,16,Montserrat
%EndFont

%BeginFont
Handler:DirectoryHandler
FontType:TrueType
FontName:Montserrat-SemiBoldItalic
FamilyName:Montserrat
StyleName:SemiBold Italic
FullName:Montserrat SemiBold Italic
MenuName:Montserrat SemiBold
StyleBits:1
WritingScript:Roman
OutlineFileName:C:\Users\amit0\OneDrive\Desktop\Regatta Granite (FINAL) Layout\00001 Final page\First page_Landing page\Desktop\Font\Montserrat\static\Montserrat-SemiBoldItalic.ttf
DataFormat:sfntData
hasSVG:no
VariableFontType:NonVariableFont
FileLength:203172
FileModTime:1323714600
WeightClass:600
WidthClass:5
AngleClass:1
NameArray:0,Win,1,Montserrat SemiBold
NameArray:0,Win,16,Montserrat
%EndFont

%BeginFont
Handler:DirectoryHandler
FontType:TrueType
FontName:Montserrat-Thin
FamilyName:Montserrat
StyleName:Thin
FullName:Montserrat Thin
MenuName:Montserrat Thin
StyleBits:0
WritingScript:Roman
OutlineFileName:C:\Users\amit0\OneDrive\Desktop\Regatta Granite (FINAL) Layout\00001 Final page\First page_Landing page\Desktop\Font\Montserrat\static\Montserrat-Thin.ttf
DataFormat:sfntData
hasSVG:no
VariableFontType:NonVariableFont
FileLength:197968
FileModTime:1323714600
WeightClass:250
WidthClass:5
AngleClass:0
NameArray:0,Win,1,Montserrat Thin
NameArray:0,Win,16,Montserrat
%EndFont

%BeginFont
Handler:DirectoryHandler
FontType:TrueType
FontName:Montserrat-ThinItalic
FamilyName:Montserrat
StyleName:Thin Italic
FullName:Montserrat Thin Italic
MenuName:Montserrat Thin
StyleBits:1
WritingScript:Roman
OutlineFileName:C:\Users\amit0\OneDrive\Desktop\Regatta Granite (FINAL) Layout\00001 Final page\First page_Landing page\Desktop\Font\Montserrat\static\Montserrat-ThinItalic.ttf
DataFormat:sfntData
hasSVG:no
VariableFontType:NonVariableFont
FileLength:202452
FileModTime:1323714600
WeightClass:250
WidthClass:5
AngleClass:1
NameArray:0,Win,1,Montserrat Thin
NameArray:0,Win,16,Montserrat
%EndFont

